#-----------------------------------------------------------
# Vivado v2025.1 (64-bit)
# SW Build 6140274 on Thu May 22 00:12:29 MDT 2025
# IP Build 6138677 on Thu May 22 03:10:11 MDT 2025
# SharedData Build 6139179 on Tue May 20 17:58:58 MDT 2025
# Start of session at: Thu Dec 18 19:06:37 2025
# Process ID         : 18852
# Current directory  : C:/Users/lucasp/Projects/AES128-FPGA/AES128-FPGA.runs/impl_1
# Command line       : vivado.exe -log top_io.vdi -applog -product Vivado -messageDb vivado.pb -mode batch -source top_io.tcl -notrace
# Log file           : C:/Users/lucasp/Projects/AES128-FPGA/AES128-FPGA.runs/impl_1/top_io.vdi
# Journal file       : C:/Users/lucasp/Projects/AES128-FPGA/AES128-FPGA.runs/impl_1\vivado.jou
# Running On         : LAPTOP-LUCAS
# Platform           : Windows Server 2016 or Windows 10
# Operating System   : 26200
# Processor Detail   : AMD Ryzen 7 5800U with Radeon Graphics         
# CPU Frequency      : 1896 MHz
# CPU Physical cores : 8
# CPU Logical cores  : 16
# Host memory        : 14877 MB
# Swap memory        : 38654 MB
# Total Virtual      : 53531 MB
# Available Virtual  : 30735 MB
#-----------------------------------------------------------
source top_io.tcl -notrace
